
[TestRealModel] Loading models from D:\FYP\module1_f/models...
[TestRealModel] Models loaded in 0.79s on cpu
[TestRealModel] Inference Latency: 486.13ms
python : F
At line:1 char:1
+ python tests/test_re
al_model.py > 
test_output.txt 2>&1
+ ~~~~~~~~~~~~~~~~~~~~
~~~~~~~~~~~~~~~~~~~~~~
~~~~~~~~~~~~
    + CategoryInfo    
          : 
NotSpecified: (F:S    
tring) [], 
RemoteExcep    tion
    + 
FullyQualifiedErrorI  
  d : 
NativeCommandError
 
======================
======================
======================
====
FAIL: test_inference_s
hape_and_speed (__main
__.TestRealModel.test_
inference_shape_and_sp
eed)
Run inference on a 
dummy frame and 
verify output format 
and speed.
----------------------
----------------------
----------------------
----
Traceback (most 
recent call last):
  File "D:\FYP\module1
_f\tests\test_real_mod
el.py", line 63, in te
st_inference_shape_and
_speed
    self.assertIn("pro
bs", result)
AssertionError: 
'probs' not found in 
{'label': 'Burglary', 
'score': 
0.7063112258911133, 
'class_index': 2, 
'class_probs': 
{'Normal': 
0.1555156260728836, 
'Pre-Violence': 
0.06119644269347191, 
'Burglary': 
0.7063112258911133, 
'Fighting': 
0.043165501207113266, 
'Shooting': 
0.026476265862584114, 
'Stealing': 0.00733496
2021559477}, 
'raw_probs': array([  
  0.15552,    
0.061196,     
0.70631,    0.043166, 
   0.026476,    
0.007335], 
dtype=float32), 
'overlay_frame': 
array([[[0, 0, 0],
        [0, 0, 0],
        [0, 0, 0],
        ...,
        [0, 0, 0],
        [0, 0, 0],
        [0, 0, 0]],

       [[0, 0, 0],
        [0, 0, 0],
        [0, 0, 0],
        ...,
        [0, 0, 0],
        [0, 0, 0],
        [0, 0, 0]],

       [[0, 0, 0],
        [0, 0, 0],
        [0, 0, 0],
        ...,
        [0, 0, 0],
        [0, 0, 0],
        [0, 0, 0]],

       ...,

       [[0, 0, 0],
        [0, 0, 0],
        [0, 0, 0],
        ...,
        [0, 0, 0],
        [0, 0, 0],
        [0, 0, 0]],

       [[0, 0, 0],
        [0, 0, 0],
        [0, 0, 0],
        ...,
        [0, 0, 0],
        [0, 0, 0],
        [0, 0, 0]],

       [[0, 0, 0],
        [0, 0, 0],
        [0, 0, 0],
        ...,
        [0, 0, 0],
        [0, 0, 0],
        [0, 0, 0]]], 
dtype=uint8), 
'predicted_index': 2, 
'predicted_conf': 
0.7063112258911133, 
'is_alert': False}

----------------------
----------------------
----------------------
----
Ran 1 test in 2.051s

FAILED (failures=1)
