
[TestRealModel] Loading models from D:\FYP\SurveilX_FinalEval_1/models...
[TestRealModel] Models loaded in 0.59s on cuda
[TestRealModel] Inference Latency: 0.00ms
[TestRealModel] Real Image Latency: 0.00ms
